2025-11-03 21:21:56,064 | INFO | \U0001f680 Starting Content Moderation Pipeline
2025-11-03 21:32:27,133 | INFO | \U0001f680 Starting Content Moderation Pipeline
2025-11-03 21:35:11,058 | INFO | \U0001f680 Starting Content Moderation Pipeline
2025-11-03 21:36:32,363 | INFO | \U0001f680 Starting Content Moderation Pipeline
2025-11-03 21:39:23,063 | INFO | \U0001f680 Starting Content Moderation Pipeline
2025-11-03 21:48:25,437 | INFO | \U0001f680 Starting Content Moderation Pipeline
2025-11-03 21:50:28,310 | INFO | \U0001f680 Starting Content Moderation Pipeline
2025-11-03 21:50:34,175 | INFO | \U0001f50d Running PII detection...
2025-11-03 21:50:34,197 | INFO | Fetching all recognizers for language en
2025-11-03 21:50:34,471 | INFO | Fetching all recognizers for language en
2025-11-03 21:50:34,476 | INFO | Fetching all recognizers for language en
2025-11-03 21:50:34,480 | INFO | Fetching all recognizers for language en
2025-11-03 21:50:34,493 | INFO | Fetching all recognizers for language en
2025-11-03 21:50:34,498 | INFO | Fetching all recognizers for language en
2025-11-03 21:50:34,508 | INFO | Fetching all recognizers for language en
2025-11-03 21:50:34,515 | INFO | Fetching all recognizers for language en
2025-11-03 21:50:34,526 | INFO | Fetching all recognizers for language en
2025-11-03 21:50:34,540 | INFO | Fetching all recognizers for language en
2025-11-03 21:50:34,560 | INFO | Fetching all recognizers for language en
2025-11-03 21:50:34,567 | INFO | Fetching all recognizers for language en
2025-11-03 21:50:34,595 | INFO | \U0001f4ac Running Toxicity detection...
2025-11-03 21:50:36,194 | INFO | \U0001f5bc\ufe0f Running NSFW detection...
2025-11-03 21:57:19,470 | INFO | \U0001f680 Starting Content Moderation Pipeline
2025-11-03 21:57:24,652 | INFO | \U0001f50d Running PII detection...
2025-11-03 21:57:24,659 | INFO | Fetching all recognizers for language en
2025-11-03 21:57:24,837 | INFO | Fetching all recognizers for language en
2025-11-03 21:57:24,842 | INFO | Fetching all recognizers for language en
2025-11-03 21:57:24,847 | INFO | Fetching all recognizers for language en
2025-11-03 21:57:24,855 | INFO | Fetching all recognizers for language en
2025-11-03 21:57:24,859 | INFO | Fetching all recognizers for language en
2025-11-03 21:57:24,866 | INFO | Fetching all recognizers for language en
2025-11-03 21:57:24,870 | INFO | Fetching all recognizers for language en
2025-11-03 21:57:24,874 | INFO | Fetching all recognizers for language en
2025-11-03 21:57:24,881 | INFO | Fetching all recognizers for language en
2025-11-03 21:57:24,888 | INFO | Fetching all recognizers for language en
2025-11-03 21:57:24,898 | INFO | Fetching all recognizers for language en
2025-11-03 21:57:24,903 | INFO | \U0001f4ac Running Toxicity detection...
2025-11-03 21:57:25,353 | INFO | \U0001f5bc\ufe0f Running NSFW detection...
2025-11-03 22:04:12,987 | INFO | \U0001f680 Starting Content Moderation Pipeline
2025-11-03 22:04:18,278 | INFO | \U0001f50d Running PII detection...
2025-11-03 22:04:18,285 | INFO | Fetching all recognizers for language en
2025-11-03 22:04:18,462 | INFO | Fetching all recognizers for language en
2025-11-03 22:04:18,468 | INFO | Fetching all recognizers for language en
2025-11-03 22:04:18,474 | INFO | Fetching all recognizers for language en
2025-11-03 22:04:18,482 | INFO | Fetching all recognizers for language en
2025-11-03 22:04:18,488 | INFO | Fetching all recognizers for language en
2025-11-03 22:04:18,494 | INFO | Fetching all recognizers for language en
2025-11-03 22:04:18,498 | INFO | Fetching all recognizers for language en
2025-11-03 22:04:18,503 | INFO | Fetching all recognizers for language en
2025-11-03 22:04:18,509 | INFO | Fetching all recognizers for language en
2025-11-03 22:04:18,516 | INFO | Fetching all recognizers for language en
2025-11-03 22:04:18,523 | INFO | Fetching all recognizers for language en
2025-11-03 22:04:18,530 | INFO | \U0001f4ac Running Toxicity detection...
2025-11-03 22:04:18,980 | INFO | \U0001f5bc\ufe0f Running NSFW detection...
2025-11-03 22:04:22,406 | INFO | \U0001f9fe Generating final report...
